mode: set
github.com/Phyton06/UMIBack/cmd/server/main.go:20.13,22.16 2 0
github.com/Phyton06/UMIBack/cmd/server/main.go:22.16,25.3 2 0
github.com/Phyton06/UMIBack/cmd/server/main.go:27.2,28.62 2 0
github.com/Phyton06/UMIBack/cmd/server/main.go:28.62,30.3 1 0
github.com/Phyton06/UMIBack/cmd/server/main.go:31.2,37.16 5 0
github.com/Phyton06/UMIBack/cmd/server/main.go:37.16,40.3 2 0
github.com/Phyton06/UMIBack/cmd/server/main.go:44.2,44.47 1 0
github.com/Phyton06/UMIBack/cmd/server/main.go:44.47,47.3 2 0
github.com/Phyton06/UMIBack/cmd/server/main.go:49.2,51.34 3 0
github.com/Phyton06/UMIBack/cmd/server/main.go:51.34,53.17 2 0
github.com/Phyton06/UMIBack/cmd/server/main.go:53.17,55.4 1 0
github.com/Phyton06/UMIBack/cmd/server/main.go:55.9,57.4 1 0
github.com/Phyton06/UMIBack/cmd/server/main.go:58.8,58.40 1 0
github.com/Phyton06/UMIBack/cmd/server/main.go:58.40,60.3 1 0
github.com/Phyton06/UMIBack/cmd/server/main.go:63.2,65.50 3 0
github.com/Phyton06/UMIBack/cmd/server/main.go:65.50,67.3 1 0
github.com/Phyton06/UMIBack/cmd/server/main.go:69.2,131.12 47 0
github.com/Phyton06/UMIBack/cmd/server/main.go:131.12,138.51 5 0
github.com/Phyton06/UMIBack/cmd/server/main.go:138.51,140.4 1 0
github.com/Phyton06/UMIBack/cmd/server/main.go:142.3,143.46 2 0
github.com/Phyton06/UMIBack/cmd/server/main.go:146.2,151.86 2 0
github.com/Phyton06/UMIBack/cmd/server/main.go:151.86,154.3 2 0
github.com/Phyton06/UMIBack/cmd/server/main.go:156.2,156.34 1 0
github.com/Phyton06/UMIBack/internal/config/config.go:33.34,35.17 2 1
github.com/Phyton06/UMIBack/internal/config/config.go:35.17,37.3 1 1
github.com/Phyton06/UMIBack/internal/config/config.go:39.2,40.16 2 1
github.com/Phyton06/UMIBack/internal/config/config.go:40.16,42.3 1 1
github.com/Phyton06/UMIBack/internal/config/config.go:44.2,45.20 2 1
github.com/Phyton06/UMIBack/internal/config/config.go:45.20,47.3 1 1
github.com/Phyton06/UMIBack/internal/config/config.go:49.2,50.21 2 1
github.com/Phyton06/UMIBack/internal/config/config.go:50.21,52.3 1 0
github.com/Phyton06/UMIBack/internal/config/config.go:54.2,66.8 1 1
github.com/Phyton06/UMIBack/internal/config/config.go:71.60,73.15 2 1
github.com/Phyton06/UMIBack/internal/config/config.go:73.15,75.3 1 1
github.com/Phyton06/UMIBack/internal/config/config.go:76.2,77.16 2 0
github.com/Phyton06/UMIBack/internal/config/config.go:77.16,79.3 1 0
github.com/Phyton06/UMIBack/internal/config/config.go:80.2,80.10 1 0
github.com/Phyton06/UMIBack/internal/config/config.go:84.44,86.13 2 1
github.com/Phyton06/UMIBack/internal/config/config.go:86.13,88.3 1 1
github.com/Phyton06/UMIBack/internal/config/config.go:89.2,89.10 1 0
github.com/Phyton06/UMIBack/internal/db/migrate.go:21.46,23.16 2 0
github.com/Phyton06/UMIBack/internal/db/migrate.go:23.16,25.3 1 0
github.com/Phyton06/UMIBack/internal/db/migrate.go:27.2,31.16 4 0
github.com/Phyton06/UMIBack/internal/db/migrate.go:31.16,33.3 1 0
github.com/Phyton06/UMIBack/internal/db/migrate.go:35.2,36.16 2 0
github.com/Phyton06/UMIBack/internal/db/migrate.go:36.16,38.3 1 0
github.com/Phyton06/UMIBack/internal/db/migrate.go:40.2,40.31 1 0
github.com/Phyton06/UMIBack/internal/db/migrate.go:40.31,41.42 1 0
github.com/Phyton06/UMIBack/internal/db/migrate.go:41.42,44.4 2 0
github.com/Phyton06/UMIBack/internal/db/migrate.go:45.3,45.62 1 0
github.com/Phyton06/UMIBack/internal/db/migrate.go:48.2,49.12 2 0
github.com/Phyton06/UMIBack/internal/db/postgres.go:21.70,23.16 2 0
github.com/Phyton06/UMIBack/internal/db/postgres.go:23.16,25.3 1 0
github.com/Phyton06/UMIBack/internal/db/postgres.go:27.2,33.16 6 0
github.com/Phyton06/UMIBack/internal/db/postgres.go:33.16,35.3 1 0
github.com/Phyton06/UMIBack/internal/db/postgres.go:37.2,42.18 2 0
github.com/Phyton06/UMIBack/internal/db/postgres.go:47.65,52.28 4 0
github.com/Phyton06/UMIBack/internal/db/postgres.go:52.28,53.40 1 0
github.com/Phyton06/UMIBack/internal/db/postgres.go:53.40,56.11 3 0
github.com/Phyton06/UMIBack/internal/db/postgres.go:57.22,58.21 1 0
github.com/Phyton06/UMIBack/internal/db/postgres.go:59.34,60.13 1 0
github.com/Phyton06/UMIBack/internal/db/postgres.go:63.3,64.13 2 0
github.com/Phyton06/UMIBack/internal/db/postgres.go:67.2,67.91 1 0
github.com/Phyton06/UMIBack/internal/model/ride.go:31.47,33.2 1 1
github.com/Phyton06/UMIBack/internal/model/ride.go:59.39,61.2 1 1
github.com/Phyton06/UMIBack/internal/model/ride.go:65.62,66.20 1 1
github.com/Phyton06/UMIBack/internal/model/ride.go:66.20,71.3 1 1
github.com/Phyton06/UMIBack/internal/model/ride.go:73.2,73.56 1 1
github.com/Phyton06/UMIBack/internal/model/ride.go:73.56,75.3 1 1
github.com/Phyton06/UMIBack/internal/model/ride.go:77.2,77.46 1 1
github.com/Phyton06/UMIBack/internal/model/ride.go:77.46,78.24 1 1
github.com/Phyton06/UMIBack/internal/model/ride.go:78.24,80.4 1 1
github.com/Phyton06/UMIBack/internal/model/ride.go:83.2,86.3 1 1
github.com/Phyton06/UMIBack/internal/model/ride.go:91.38,93.42 2 0
github.com/Phyton06/UMIBack/internal/model/ride.go:93.42,94.26 1 0
github.com/Phyton06/UMIBack/internal/model/ride.go:94.26,95.29 1 0
github.com/Phyton06/UMIBack/internal/model/ride.go:95.29,97.10 2 0
github.com/Phyton06/UMIBack/internal/model/ride.go:101.2,101.15 1 0
github.com/Phyton06/UMIBack/internal/auth/jwt.go:29.106,42.16 5 1
github.com/Phyton06/UMIBack/internal/auth/jwt.go:42.16,44.3 1 0
github.com/Phyton06/UMIBack/internal/auth/jwt.go:45.2,45.20 1 1
github.com/Phyton06/UMIBack/internal/auth/jwt.go:51.126,68.16 7 1
github.com/Phyton06/UMIBack/internal/auth/jwt.go:68.16,70.3 1 0
github.com/Phyton06/UMIBack/internal/auth/jwt.go:72.2,79.26 3 1
github.com/Phyton06/UMIBack/internal/auth/jwt.go:83.69,84.101 1 1
github.com/Phyton06/UMIBack/internal/auth/jwt.go:84.101,85.58 1 1
github.com/Phyton06/UMIBack/internal/auth/jwt.go:85.58,87.4 1 0
github.com/Phyton06/UMIBack/internal/auth/jwt.go:88.3,88.21 1 1
github.com/Phyton06/UMIBack/internal/auth/jwt.go:90.2,90.16 1 1
github.com/Phyton06/UMIBack/internal/auth/jwt.go:90.16,92.3 1 1
github.com/Phyton06/UMIBack/internal/auth/jwt.go:94.2,95.25 2 1
github.com/Phyton06/UMIBack/internal/auth/jwt.go:95.25,97.3 1 0
github.com/Phyton06/UMIBack/internal/auth/jwt.go:99.2,99.20 1 1
github.com/Phyton06/UMIBack/internal/auth/middleware.go:20.58,21.46 1 1
github.com/Phyton06/UMIBack/internal/auth/middleware.go:21.46,22.72 1 1
github.com/Phyton06/UMIBack/internal/auth/middleware.go:22.72,26.24 3 1
github.com/Phyton06/UMIBack/internal/auth/middleware.go:26.24,30.5 3 1
github.com/Phyton06/UMIBack/internal/auth/middleware.go:32.4,32.49 1 1
github.com/Phyton06/UMIBack/internal/auth/middleware.go:32.49,36.5 3 0
github.com/Phyton06/UMIBack/internal/auth/middleware.go:38.4,40.18 3 1
github.com/Phyton06/UMIBack/internal/auth/middleware.go:40.18,41.44 1 1
github.com/Phyton06/UMIBack/internal/auth/middleware.go:41.44,45.6 3 1
github.com/Phyton06/UMIBack/internal/auth/middleware.go:46.5,48.11 3 1
github.com/Phyton06/UMIBack/internal/auth/middleware.go:51.4,52.41 2 1
github.com/Phyton06/UMIBack/internal/auth/middleware.go:60.67,61.46 1 1
github.com/Phyton06/UMIBack/internal/auth/middleware.go:61.46,62.72 1 1
github.com/Phyton06/UMIBack/internal/auth/middleware.go:62.72,66.28 3 1
github.com/Phyton06/UMIBack/internal/auth/middleware.go:66.28,70.5 3 0
github.com/Phyton06/UMIBack/internal/auth/middleware.go:72.4,72.31 1 1
github.com/Phyton06/UMIBack/internal/auth/middleware.go:72.31,73.28 1 1
github.com/Phyton06/UMIBack/internal/auth/middleware.go:73.28,76.6 2 1
github.com/Phyton06/UMIBack/internal/auth/middleware.go:79.4,80.70 2 1
github.com/Phyton06/UMIBack/internal/auth/otp.go:12.46,13.17 1 1
github.com/Phyton06/UMIBack/internal/auth/otp.go:13.17,15.3 1 1
github.com/Phyton06/UMIBack/internal/auth/otp.go:17.2,18.22 2 1
github.com/Phyton06/UMIBack/internal/auth/otp.go:18.22,20.17 2 1
github.com/Phyton06/UMIBack/internal/auth/otp.go:20.17,22.4 1 0
github.com/Phyton06/UMIBack/internal/auth/otp.go:23.3,23.34 1 1
github.com/Phyton06/UMIBack/internal/auth/otp.go:26.2,26.26 1 1
github.com/Phyton06/UMIBack/internal/auth/otp.go:30.34,33.2 2 1
github.com/Phyton06/UMIBack/internal/auth/sms.go:29.49,32.2 2 1
github.com/Phyton06/UMIBack/internal/auth/sms.go:43.79,50.2 1 0
github.com/Phyton06/UMIBack/internal/auth/sms.go:53.55,55.16 2 0
github.com/Phyton06/UMIBack/internal/auth/sms.go:55.16,57.3 1 0
github.com/Phyton06/UMIBack/internal/auth/sms.go:59.2,66.16 7 0
github.com/Phyton06/UMIBack/internal/auth/sms.go:66.16,68.3 1 0
github.com/Phyton06/UMIBack/internal/auth/sms.go:69.2,74.16 5 0
github.com/Phyton06/UMIBack/internal/auth/sms.go:74.16,76.3 1 0
github.com/Phyton06/UMIBack/internal/auth/sms.go:77.2,79.28 2 0
github.com/Phyton06/UMIBack/internal/auth/sms.go:79.28,82.3 2 0
github.com/Phyton06/UMIBack/internal/auth/sms.go:84.2,85.12 2 0
github.com/Phyton06/UMIBack/internal/auth/sms.go:96.83,98.16 2 1
github.com/Phyton06/UMIBack/internal/auth/sms.go:98.16,100.3 1 0
github.com/Phyton06/UMIBack/internal/auth/sms.go:101.2,104.8 1 1
github.com/Phyton06/UMIBack/internal/auth/sms.go:108.55,110.16 2 0
github.com/Phyton06/UMIBack/internal/auth/sms.go:110.16,112.3 1 0
github.com/Phyton06/UMIBack/internal/auth/sms.go:113.2,118.22 3 0
github.com/Phyton06/UMIBack/internal/auth/sms.go:118.22,125.3 1 0
github.com/Phyton06/UMIBack/internal/auth/sms.go:126.2,127.16 2 0
github.com/Phyton06/UMIBack/internal/auth/sms.go:127.16,129.3 1 0
github.com/Phyton06/UMIBack/internal/auth/sms.go:130.2,131.12 2 0
github.com/Phyton06/UMIBack/internal/auth/sms.go:140.52,142.23 2 1
github.com/Phyton06/UMIBack/internal/auth/sms.go:142.23,144.3 1 1
github.com/Phyton06/UMIBack/internal/auth/sms.go:145.2,145.45 1 1
github.com/Phyton06/UMIBack/internal/auth/sms.go:145.45,147.3 1 1
github.com/Phyton06/UMIBack/internal/auth/sms.go:148.2,148.63 1 1
github.com/Phyton06/UMIBack/internal/api/admin.go:23.52,24.54 1 1
github.com/Phyton06/UMIBack/internal/api/admin.go:24.54,29.63 2 1
github.com/Phyton06/UMIBack/internal/api/admin.go:29.63,32.4 2 0
github.com/Phyton06/UMIBack/internal/api/admin.go:34.3,34.42 1 1
github.com/Phyton06/UMIBack/internal/api/admin.go:34.42,37.4 2 1
github.com/Phyton06/UMIBack/internal/api/admin.go:39.3,44.17 3 1
github.com/Phyton06/UMIBack/internal/api/admin.go:44.17,46.55 2 1
github.com/Phyton06/UMIBack/internal/api/admin.go:46.55,49.5 2 1
github.com/Phyton06/UMIBack/internal/api/admin.go:50.4,52.10 3 0
github.com/Phyton06/UMIBack/internal/api/admin.go:55.3,57.5 1 1
github.com/Phyton06/UMIBack/internal/api/admin.go:66.46,67.54 1 1
github.com/Phyton06/UMIBack/internal/api/admin.go:67.54,71.19 4 1
github.com/Phyton06/UMIBack/internal/api/admin.go:71.19,73.4 1 1
github.com/Phyton06/UMIBack/internal/api/admin.go:75.3,76.17 2 1
github.com/Phyton06/UMIBack/internal/api/admin.go:77.17,78.71 1 0
github.com/Phyton06/UMIBack/internal/api/admin.go:79.20,80.43 1 1
github.com/Phyton06/UMIBack/internal/api/admin.go:81.14,81.14 0 1
github.com/Phyton06/UMIBack/internal/api/admin.go:83.11,85.10 2 1
github.com/Phyton06/UMIBack/internal/api/admin.go:89.3,93.17 3 1
github.com/Phyton06/UMIBack/internal/api/admin.go:93.17,97.4 3 0
github.com/Phyton06/UMIBack/internal/api/admin.go:99.3,103.17 2 1
github.com/Phyton06/UMIBack/internal/api/admin.go:103.17,107.4 3 0
github.com/Phyton06/UMIBack/internal/api/admin.go:108.3,121.19 4 1
github.com/Phyton06/UMIBack/internal/api/admin.go:121.19,127.111 6 1
github.com/Phyton06/UMIBack/internal/api/admin.go:127.111,131.5 3 0
github.com/Phyton06/UMIBack/internal/api/admin.go:132.4,140.6 1 1
github.com/Phyton06/UMIBack/internal/api/admin.go:142.3,142.24 1 1
github.com/Phyton06/UMIBack/internal/api/admin.go:142.24,146.4 3 0
github.com/Phyton06/UMIBack/internal/api/admin.go:148.3,151.5 1 1
github.com/Phyton06/UMIBack/internal/api/admin.go:161.49,162.54 1 1
github.com/Phyton06/UMIBack/internal/api/admin.go:162.54,167.19 5 1
github.com/Phyton06/UMIBack/internal/api/admin.go:167.19,169.4 1 1
github.com/Phyton06/UMIBack/internal/api/admin.go:171.3,171.17 1 1
github.com/Phyton06/UMIBack/internal/api/admin.go:172.37,172.37 0 1
github.com/Phyton06/UMIBack/internal/api/admin.go:174.11,176.10 2 1
github.com/Phyton06/UMIBack/internal/api/admin.go:180.3,181.17 2 1
github.com/Phyton06/UMIBack/internal/api/admin.go:182.17,183.81 1 0
github.com/Phyton06/UMIBack/internal/api/admin.go:184.20,185.49 1 1
github.com/Phyton06/UMIBack/internal/api/admin.go:189.3,194.17 4 1
github.com/Phyton06/UMIBack/internal/api/admin.go:194.17,198.4 3 0
github.com/Phyton06/UMIBack/internal/api/admin.go:200.3,209.17 3 1
github.com/Phyton06/UMIBack/internal/api/admin.go:209.17,213.4 3 0
github.com/Phyton06/UMIBack/internal/api/admin.go:214.3,229.19 4 1
github.com/Phyton06/UMIBack/internal/api/admin.go:229.19,238.129 9 1
github.com/Phyton06/UMIBack/internal/api/admin.go:238.129,242.5 3 0
github.com/Phyton06/UMIBack/internal/api/admin.go:243.4,253.6 1 1
github.com/Phyton06/UMIBack/internal/api/admin.go:255.3,255.24 1 1
github.com/Phyton06/UMIBack/internal/api/admin.go:255.24,259.4 3 0
github.com/Phyton06/UMIBack/internal/api/admin.go:261.3,264.5 1 1
github.com/Phyton06/UMIBack/internal/api/admin.go:269.96,276.2 3 1
github.com/Phyton06/UMIBack/internal/api/admin.go:279.93,284.16 2 1
github.com/Phyton06/UMIBack/internal/api/admin.go:284.16,286.3 1 0
github.com/Phyton06/UMIBack/internal/api/admin.go:287.2,287.36 1 1
github.com/Phyton06/UMIBack/internal/api/admin.go:295.48,296.54 1 1
github.com/Phyton06/UMIBack/internal/api/admin.go:296.54,298.17 2 1
github.com/Phyton06/UMIBack/internal/api/admin.go:298.17,301.4 2 0
github.com/Phyton06/UMIBack/internal/api/admin.go:302.3,303.36 2 1
github.com/Phyton06/UMIBack/internal/api/admin.go:303.36,306.4 2 1
github.com/Phyton06/UMIBack/internal/api/admin.go:307.3,307.17 1 1
github.com/Phyton06/UMIBack/internal/api/admin.go:307.17,311.4 3 0
github.com/Phyton06/UMIBack/internal/api/admin.go:312.3,312.81 1 1
github.com/Phyton06/UMIBack/internal/api/admin.go:321.50,322.54 1 1
github.com/Phyton06/UMIBack/internal/api/admin.go:322.54,324.17 2 1
github.com/Phyton06/UMIBack/internal/api/admin.go:324.17,327.4 2 0
github.com/Phyton06/UMIBack/internal/api/admin.go:328.3,329.17 2 1
github.com/Phyton06/UMIBack/internal/api/admin.go:329.17,333.4 3 0
github.com/Phyton06/UMIBack/internal/api/admin.go:334.3,334.13 1 1
github.com/Phyton06/UMIBack/internal/api/admin.go:334.13,337.4 2 1
github.com/Phyton06/UMIBack/internal/api/admin.go:338.3,338.82 1 1
github.com/Phyton06/UMIBack/internal/api/admin.go:347.51,348.54 1 1
github.com/Phyton06/UMIBack/internal/api/admin.go:348.54,350.17 2 1
github.com/Phyton06/UMIBack/internal/api/admin.go:350.17,353.4 2 0
github.com/Phyton06/UMIBack/internal/api/admin.go:354.3,355.36 2 1
github.com/Phyton06/UMIBack/internal/api/admin.go:355.36,358.4 2 1
github.com/Phyton06/UMIBack/internal/api/admin.go:359.3,359.17 1 1
github.com/Phyton06/UMIBack/internal/api/admin.go:359.17,363.4 3 0
github.com/Phyton06/UMIBack/internal/api/admin.go:364.3,364.81 1 1
github.com/Phyton06/UMIBack/internal/api/admin.go:373.53,374.54 1 1
github.com/Phyton06/UMIBack/internal/api/admin.go:374.54,376.17 2 1
github.com/Phyton06/UMIBack/internal/api/admin.go:376.17,379.4 2 0
github.com/Phyton06/UMIBack/internal/api/admin.go:380.3,381.17 2 1
github.com/Phyton06/UMIBack/internal/api/admin.go:381.17,385.4 3 0
github.com/Phyton06/UMIBack/internal/api/admin.go:386.3,386.13 1 1
github.com/Phyton06/UMIBack/internal/api/admin.go:386.13,389.4 2 1
github.com/Phyton06/UMIBack/internal/api/admin.go:392.3,398.17 2 1
github.com/Phyton06/UMIBack/internal/api/admin.go:398.17,401.4 1 1
github.com/Phyton06/UMIBack/internal/api/admin.go:403.3,403.85 1 1
github.com/Phyton06/UMIBack/internal/api/admin.go:411.49,412.54 1 1
github.com/Phyton06/UMIBack/internal/api/admin.go:412.54,422.17 4 1
github.com/Phyton06/UMIBack/internal/api/admin.go:422.17,426.4 3 0
github.com/Phyton06/UMIBack/internal/api/admin.go:428.3,432.5 1 1
github.com/Phyton06/UMIBack/internal/api/admin.go:442.47,443.54 1 1
github.com/Phyton06/UMIBack/internal/api/admin.go:443.54,445.17 2 1
github.com/Phyton06/UMIBack/internal/api/admin.go:445.17,448.4 2 0
github.com/Phyton06/UMIBack/internal/api/admin.go:450.3,455.63 2 1
github.com/Phyton06/UMIBack/internal/api/admin.go:455.63,458.4 2 0
github.com/Phyton06/UMIBack/internal/api/admin.go:459.3,459.25 1 1
github.com/Phyton06/UMIBack/internal/api/admin.go:459.25,462.4 2 0
github.com/Phyton06/UMIBack/internal/api/admin.go:464.3,464.20 1 1
github.com/Phyton06/UMIBack/internal/api/admin.go:465.39,465.39 0 1
github.com/Phyton06/UMIBack/internal/api/admin.go:467.11,469.10 2 1
github.com/Phyton06/UMIBack/internal/api/admin.go:472.3,479.36 4 1
github.com/Phyton06/UMIBack/internal/api/admin.go:479.36,482.4 2 1
github.com/Phyton06/UMIBack/internal/api/admin.go:483.3,483.17 1 1
github.com/Phyton06/UMIBack/internal/api/admin.go:483.17,487.4 3 0
github.com/Phyton06/UMIBack/internal/api/admin.go:490.3,494.17 2 1
github.com/Phyton06/UMIBack/internal/api/admin.go:494.17,497.4 1 1
github.com/Phyton06/UMIBack/internal/api/admin.go:499.3,501.5 1 1
github.com/Phyton06/UMIBack/internal/api/admin.go:510.48,511.54 1 1
github.com/Phyton06/UMIBack/internal/api/admin.go:511.54,513.17 2 1
github.com/Phyton06/UMIBack/internal/api/admin.go:513.17,516.4 2 0
github.com/Phyton06/UMIBack/internal/api/admin.go:518.3,522.63 2 1
github.com/Phyton06/UMIBack/internal/api/admin.go:522.63,525.4 2 0
github.com/Phyton06/UMIBack/internal/api/admin.go:526.3,526.25 1 1
github.com/Phyton06/UMIBack/internal/api/admin.go:526.25,529.4 2 0
github.com/Phyton06/UMIBack/internal/api/admin.go:531.3,531.20 1 1
github.com/Phyton06/UMIBack/internal/api/admin.go:532.39,532.39 0 1
github.com/Phyton06/UMIBack/internal/api/admin.go:534.11,536.10 2 1
github.com/Phyton06/UMIBack/internal/api/admin.go:539.3,546.36 4 1
github.com/Phyton06/UMIBack/internal/api/admin.go:546.36,549.4 2 1
github.com/Phyton06/UMIBack/internal/api/admin.go:550.3,550.17 1 1
github.com/Phyton06/UMIBack/internal/api/admin.go:550.17,554.4 3 0
github.com/Phyton06/UMIBack/internal/api/admin.go:556.3,558.5 1 1
github.com/Phyton06/UMIBack/internal/api/admin.go:563.50,564.13 1 1
github.com/Phyton06/UMIBack/internal/api/admin.go:564.13,566.3 1 1
github.com/Phyton06/UMIBack/internal/api/admin.go:567.2,568.25 2 1
github.com/Phyton06/UMIBack/internal/api/admin.go:568.25,570.3 1 0
github.com/Phyton06/UMIBack/internal/api/admin.go:571.2,571.10 1 1
github.com/Phyton06/UMIBack/internal/api/admin.go:579.45,580.54 1 0
github.com/Phyton06/UMIBack/internal/api/admin.go:580.54,582.17 2 0
github.com/Phyton06/UMIBack/internal/api/admin.go:582.17,585.4 2 0
github.com/Phyton06/UMIBack/internal/api/admin.go:587.3,593.17 2 0
github.com/Phyton06/UMIBack/internal/api/admin.go:593.17,597.4 3 0
github.com/Phyton06/UMIBack/internal/api/admin.go:598.3,608.19 4 0
github.com/Phyton06/UMIBack/internal/api/admin.go:608.19,610.100 2 0
github.com/Phyton06/UMIBack/internal/api/admin.go:610.100,614.5 3 0
github.com/Phyton06/UMIBack/internal/api/admin.go:615.4,615.32 1 0
github.com/Phyton06/UMIBack/internal/api/admin.go:618.3,620.5 1 0
github.com/Phyton06/UMIBack/internal/api/admin.go:628.52,629.54 1 0
github.com/Phyton06/UMIBack/internal/api/admin.go:629.54,631.17 2 0
github.com/Phyton06/UMIBack/internal/api/admin.go:631.17,634.4 2 0
github.com/Phyton06/UMIBack/internal/api/admin.go:636.3,652.36 4 0
github.com/Phyton06/UMIBack/internal/api/admin.go:652.36,655.4 2 0
github.com/Phyton06/UMIBack/internal/api/admin.go:656.3,656.17 1 0
github.com/Phyton06/UMIBack/internal/api/admin.go:656.17,660.4 3 0
github.com/Phyton06/UMIBack/internal/api/admin.go:662.3,662.60 1 0
github.com/Phyton06/UMIBack/internal/api/admin.go:671.47,672.54 1 0
github.com/Phyton06/UMIBack/internal/api/admin.go:672.54,674.17 2 0
github.com/Phyton06/UMIBack/internal/api/admin.go:674.17,677.4 2 0
github.com/Phyton06/UMIBack/internal/api/admin.go:679.3,700.36 4 0
github.com/Phyton06/UMIBack/internal/api/admin.go:700.36,703.4 2 0
github.com/Phyton06/UMIBack/internal/api/admin.go:704.3,704.17 1 0
github.com/Phyton06/UMIBack/internal/api/admin.go:704.17,708.4 3 0
github.com/Phyton06/UMIBack/internal/api/admin.go:710.3,710.33 1 0
github.com/Phyton06/UMIBack/internal/api/admin.go:719.44,720.54 1 0
github.com/Phyton06/UMIBack/internal/api/admin.go:720.54,722.17 2 0
github.com/Phyton06/UMIBack/internal/api/admin.go:722.17,725.4 2 0
github.com/Phyton06/UMIBack/internal/api/admin.go:727.3,743.36 4 0
github.com/Phyton06/UMIBack/internal/api/admin.go:743.36,746.4 2 0
github.com/Phyton06/UMIBack/internal/api/admin.go:747.3,747.17 1 0
github.com/Phyton06/UMIBack/internal/api/admin.go:747.17,751.4 3 0
github.com/Phyton06/UMIBack/internal/api/admin.go:753.3,753.33 1 0
github.com/Phyton06/UMIBack/internal/api/admin.go:762.49,763.54 1 1
github.com/Phyton06/UMIBack/internal/api/admin.go:763.54,775.17 4 1
github.com/Phyton06/UMIBack/internal/api/admin.go:775.17,779.4 3 1
github.com/Phyton06/UMIBack/internal/api/admin.go:781.3,787.5 1 1
github.com/Phyton06/UMIBack/internal/api/admin_map.go:12.58,13.15 1 1
github.com/Phyton06/UMIBack/internal/api/admin_map.go:13.15,15.3 1 1
github.com/Phyton06/UMIBack/internal/api/admin_map.go:16.2,17.16 2 1
github.com/Phyton06/UMIBack/internal/api/admin_map.go:17.16,19.3 1 0
github.com/Phyton06/UMIBack/internal/api/admin_map.go:20.2,20.23 1 1
github.com/Phyton06/UMIBack/internal/api/admin_map.go:31.46,32.54 1 1
github.com/Phyton06/UMIBack/internal/api/admin_map.go:32.54,51.17 2 1
github.com/Phyton06/UMIBack/internal/api/admin_map.go:51.17,55.4 3 1
github.com/Phyton06/UMIBack/internal/api/admin_map.go:56.3,74.19 4 1
github.com/Phyton06/UMIBack/internal/api/admin_map.go:74.19,80.78 5 1
github.com/Phyton06/UMIBack/internal/api/admin_map.go:80.78,84.5 3 0
github.com/Phyton06/UMIBack/internal/api/admin_map.go:86.4,94.50 2 1
github.com/Phyton06/UMIBack/internal/api/admin_map.go:94.50,96.5 1 1
github.com/Phyton06/UMIBack/internal/api/admin_map.go:97.4,97.50 1 1
github.com/Phyton06/UMIBack/internal/api/admin_map.go:97.50,99.5 1 1
github.com/Phyton06/UMIBack/internal/api/admin_map.go:100.4,100.51 1 1
github.com/Phyton06/UMIBack/internal/api/admin_map.go:100.51,102.5 1 1
github.com/Phyton06/UMIBack/internal/api/admin_map.go:103.4,103.31 1 1
github.com/Phyton06/UMIBack/internal/api/admin_map.go:105.3,105.24 1 1
github.com/Phyton06/UMIBack/internal/api/admin_map.go:105.24,109.4 3 0
github.com/Phyton06/UMIBack/internal/api/admin_map.go:111.3,111.37 1 1
github.com/Phyton06/UMIBack/internal/api/auth.go:39.36,41.2 1 1
github.com/Phyton06/UMIBack/internal/api/auth.go:44.58,48.2 3 1
github.com/Phyton06/UMIBack/internal/api/auth.go:51.64,53.2 1 1
github.com/Phyton06/UMIBack/internal/api/auth.go:62.66,63.54 1 1
github.com/Phyton06/UMIBack/internal/api/auth.go:63.54,68.63 2 1
github.com/Phyton06/UMIBack/internal/api/auth.go:68.63,71.4 2 0
github.com/Phyton06/UMIBack/internal/api/auth.go:73.3,73.42 1 1
github.com/Phyton06/UMIBack/internal/api/auth.go:73.42,76.4 2 0
github.com/Phyton06/UMIBack/internal/api/auth.go:79.3,80.54 2 1
github.com/Phyton06/UMIBack/internal/api/auth.go:80.54,82.4 1 0
github.com/Phyton06/UMIBack/internal/api/auth.go:83.3,83.28 1 1
github.com/Phyton06/UMIBack/internal/api/auth.go:83.28,86.4 2 0
github.com/Phyton06/UMIBack/internal/api/auth.go:87.3,94.17 4 1
github.com/Phyton06/UMIBack/internal/api/auth.go:94.17,96.55 2 1
github.com/Phyton06/UMIBack/internal/api/auth.go:96.55,99.5 2 1
github.com/Phyton06/UMIBack/internal/api/auth.go:100.4,102.10 3 0
github.com/Phyton06/UMIBack/internal/api/auth.go:105.3,106.17 2 1
github.com/Phyton06/UMIBack/internal/api/auth.go:106.17,110.4 3 0
github.com/Phyton06/UMIBack/internal/api/auth.go:112.3,113.17 2 1
github.com/Phyton06/UMIBack/internal/api/auth.go:113.17,117.4 3 0
github.com/Phyton06/UMIBack/internal/api/auth.go:119.3,123.17 2 1
github.com/Phyton06/UMIBack/internal/api/auth.go:123.17,127.4 3 0
github.com/Phyton06/UMIBack/internal/api/auth.go:129.3,133.5 1 1
github.com/Phyton06/UMIBack/internal/api/auth.go:142.67,143.54 1 0
github.com/Phyton06/UMIBack/internal/api/auth.go:143.54,148.63 2 0
github.com/Phyton06/UMIBack/internal/api/auth.go:148.63,151.4 2 0
github.com/Phyton06/UMIBack/internal/api/auth.go:153.3,153.42 1 0
github.com/Phyton06/UMIBack/internal/api/auth.go:153.42,156.4 2 0
github.com/Phyton06/UMIBack/internal/api/auth.go:159.3,160.54 2 0
github.com/Phyton06/UMIBack/internal/api/auth.go:160.54,162.4 1 0
github.com/Phyton06/UMIBack/internal/api/auth.go:163.3,163.28 1 0
github.com/Phyton06/UMIBack/internal/api/auth.go:163.28,166.4 2 0
github.com/Phyton06/UMIBack/internal/api/auth.go:167.3,174.17 4 0
github.com/Phyton06/UMIBack/internal/api/auth.go:174.17,176.55 2 0
github.com/Phyton06/UMIBack/internal/api/auth.go:176.55,179.5 2 0
github.com/Phyton06/UMIBack/internal/api/auth.go:180.4,182.10 3 0
github.com/Phyton06/UMIBack/internal/api/auth.go:185.3,186.17 2 0
github.com/Phyton06/UMIBack/internal/api/auth.go:186.17,190.4 3 0
github.com/Phyton06/UMIBack/internal/api/auth.go:192.3,193.17 2 0
github.com/Phyton06/UMIBack/internal/api/auth.go:193.17,197.4 3 0
github.com/Phyton06/UMIBack/internal/api/auth.go:199.3,203.17 2 0
github.com/Phyton06/UMIBack/internal/api/auth.go:203.17,207.4 3 0
github.com/Phyton06/UMIBack/internal/api/auth.go:209.3,213.5 1 0
github.com/Phyton06/UMIBack/internal/api/auth.go:222.66,223.54 1 1
github.com/Phyton06/UMIBack/internal/api/auth.go:223.54,228.63 2 1
github.com/Phyton06/UMIBack/internal/api/auth.go:228.63,231.4 2 0
github.com/Phyton06/UMIBack/internal/api/auth.go:233.3,233.42 1 1
github.com/Phyton06/UMIBack/internal/api/auth.go:233.42,236.4 2 0
github.com/Phyton06/UMIBack/internal/api/auth.go:239.3,240.54 2 1
github.com/Phyton06/UMIBack/internal/api/auth.go:240.54,242.4 1 0
github.com/Phyton06/UMIBack/internal/api/auth.go:243.3,243.28 1 1
github.com/Phyton06/UMIBack/internal/api/auth.go:243.28,246.4 2 0
github.com/Phyton06/UMIBack/internal/api/auth.go:247.3,254.17 4 1
github.com/Phyton06/UMIBack/internal/api/auth.go:254.17,256.55 2 1
github.com/Phyton06/UMIBack/internal/api/auth.go:256.55,259.5 2 1
github.com/Phyton06/UMIBack/internal/api/auth.go:260.4,262.10 3 0
github.com/Phyton06/UMIBack/internal/api/auth.go:265.3,266.17 2 1
github.com/Phyton06/UMIBack/internal/api/auth.go:266.17,270.4 3 0
github.com/Phyton06/UMIBack/internal/api/auth.go:272.3,273.17 2 1
github.com/Phyton06/UMIBack/internal/api/auth.go:273.17,277.4 3 0
github.com/Phyton06/UMIBack/internal/api/auth.go:279.3,283.17 2 1
github.com/Phyton06/UMIBack/internal/api/auth.go:283.17,287.4 3 0
github.com/Phyton06/UMIBack/internal/api/auth.go:289.3,293.5 1 1
github.com/Phyton06/UMIBack/internal/api/auth.go:304.65,305.54 1 1
github.com/Phyton06/UMIBack/internal/api/auth.go:305.54,310.63 2 1
github.com/Phyton06/UMIBack/internal/api/auth.go:310.63,313.4 2 0
github.com/Phyton06/UMIBack/internal/api/auth.go:315.3,315.23 1 1
github.com/Phyton06/UMIBack/internal/api/auth.go:315.23,318.4 2 0
github.com/Phyton06/UMIBack/internal/api/auth.go:321.3,322.54 2 1
github.com/Phyton06/UMIBack/internal/api/auth.go:322.54,324.4 1 0
github.com/Phyton06/UMIBack/internal/api/auth.go:325.3,325.28 1 1
github.com/Phyton06/UMIBack/internal/api/auth.go:325.28,328.4 2 0
github.com/Phyton06/UMIBack/internal/api/auth.go:329.3,331.22 2 1
github.com/Phyton06/UMIBack/internal/api/auth.go:331.22,339.18 4 0
github.com/Phyton06/UMIBack/internal/api/auth.go:339.18,341.5 1 0
github.com/Phyton06/UMIBack/internal/api/auth.go:341.10,341.44 1 0
github.com/Phyton06/UMIBack/internal/api/auth.go:341.44,346.19 2 0
github.com/Phyton06/UMIBack/internal/api/auth.go:346.19,348.6 1 0
github.com/Phyton06/UMIBack/internal/api/auth.go:348.11,348.45 1 0
github.com/Phyton06/UMIBack/internal/api/auth.go:348.45,353.20 2 0
github.com/Phyton06/UMIBack/internal/api/auth.go:353.20,355.7 1 0
github.com/Phyton06/UMIBack/internal/api/auth.go:355.12,355.46 1 0
github.com/Phyton06/UMIBack/internal/api/auth.go:355.46,358.7 2 0
github.com/Phyton06/UMIBack/internal/api/auth.go:361.4,361.40 1 0
github.com/Phyton06/UMIBack/internal/api/auth.go:361.40,362.39 1 0
github.com/Phyton06/UMIBack/internal/api/auth.go:362.39,364.6 1 0
github.com/Phyton06/UMIBack/internal/api/auth.go:365.5,366.11 2 0
github.com/Phyton06/UMIBack/internal/api/auth.go:368.4,368.28 1 0
github.com/Phyton06/UMIBack/internal/api/auth.go:370.3,370.30 1 1
github.com/Phyton06/UMIBack/internal/api/auth.go:370.30,373.4 2 1
github.com/Phyton06/UMIBack/internal/api/auth.go:375.3,378.14 4 1
github.com/Phyton06/UMIBack/internal/api/auth.go:378.14,380.4 1 0
github.com/Phyton06/UMIBack/internal/api/auth.go:380.9,382.18 2 1
github.com/Phyton06/UMIBack/internal/api/auth.go:382.18,386.5 3 0
github.com/Phyton06/UMIBack/internal/api/auth.go:389.3,399.17 4 1
github.com/Phyton06/UMIBack/internal/api/auth.go:399.17,403.4 3 0
github.com/Phyton06/UMIBack/internal/api/auth.go:405.3,405.55 1 1
github.com/Phyton06/UMIBack/internal/api/auth.go:405.55,409.4 3 0
github.com/Phyton06/UMIBack/internal/api/auth.go:411.3,411.14 1 1
github.com/Phyton06/UMIBack/internal/api/auth.go:411.14,413.4 1 0
github.com/Phyton06/UMIBack/internal/api/auth.go:413.9,415.4 1 1
github.com/Phyton06/UMIBack/internal/api/auth.go:424.62,425.54 1 1
github.com/Phyton06/UMIBack/internal/api/auth.go:425.54,431.63 2 1
github.com/Phyton06/UMIBack/internal/api/auth.go:431.63,434.4 2 0
github.com/Phyton06/UMIBack/internal/api/auth.go:436.3,436.42 1 1
github.com/Phyton06/UMIBack/internal/api/auth.go:436.42,439.4 2 0
github.com/Phyton06/UMIBack/internal/api/auth.go:442.3,443.54 2 1
github.com/Phyton06/UMIBack/internal/api/auth.go:443.54,445.4 1 0
github.com/Phyton06/UMIBack/internal/api/auth.go:446.3,446.28 1 1
github.com/Phyton06/UMIBack/internal/api/auth.go:446.28,449.4 2 0
github.com/Phyton06/UMIBack/internal/api/auth.go:450.3,452.22 2 1
github.com/Phyton06/UMIBack/internal/api/auth.go:452.22,460.18 4 0
github.com/Phyton06/UMIBack/internal/api/auth.go:460.18,462.5 1 0
github.com/Phyton06/UMIBack/internal/api/auth.go:462.10,462.44 1 0
github.com/Phyton06/UMIBack/internal/api/auth.go:462.44,467.19 2 0
github.com/Phyton06/UMIBack/internal/api/auth.go:467.19,469.6 1 0
github.com/Phyton06/UMIBack/internal/api/auth.go:469.11,469.45 1 0
github.com/Phyton06/UMIBack/internal/api/auth.go:469.45,474.20 2 0
github.com/Phyton06/UMIBack/internal/api/auth.go:474.20,476.7 1 0
github.com/Phyton06/UMIBack/internal/api/auth.go:476.12,476.46 1 0
github.com/Phyton06/UMIBack/internal/api/auth.go:476.46,479.7 2 0
github.com/Phyton06/UMIBack/internal/api/auth.go:482.4,482.40 1 0
github.com/Phyton06/UMIBack/internal/api/auth.go:482.40,483.39 1 0
github.com/Phyton06/UMIBack/internal/api/auth.go:483.39,485.6 1 0
github.com/Phyton06/UMIBack/internal/api/auth.go:486.5,487.11 2 0
github.com/Phyton06/UMIBack/internal/api/auth.go:489.4,489.28 1 0
github.com/Phyton06/UMIBack/internal/api/auth.go:491.3,491.30 1 1
github.com/Phyton06/UMIBack/internal/api/auth.go:491.30,494.4 2 0
github.com/Phyton06/UMIBack/internal/api/auth.go:496.3,499.69 3 1
github.com/Phyton06/UMIBack/internal/api/auth.go:499.69,508.37 5 1
github.com/Phyton06/UMIBack/internal/api/auth.go:508.37,511.5 2 0
github.com/Phyton06/UMIBack/internal/api/auth.go:512.4,512.18 1 1
github.com/Phyton06/UMIBack/internal/api/auth.go:512.18,516.5 3 0
github.com/Phyton06/UMIBack/internal/api/auth.go:518.4,518.35 1 1
github.com/Phyton06/UMIBack/internal/api/auth.go:518.35,521.5 2 1
github.com/Phyton06/UMIBack/internal/api/auth.go:523.4,523.21 1 1
github.com/Phyton06/UMIBack/internal/api/auth.go:523.21,526.5 2 1
github.com/Phyton06/UMIBack/internal/api/auth.go:528.4,529.62 2 1
github.com/Phyton06/UMIBack/internal/api/auth.go:529.62,534.23 2 0
github.com/Phyton06/UMIBack/internal/api/auth.go:534.23,536.6 1 0
github.com/Phyton06/UMIBack/internal/api/auth.go:537.5,538.11 2 0
github.com/Phyton06/UMIBack/internal/api/auth.go:543.3,543.69 1 1
github.com/Phyton06/UMIBack/internal/api/auth.go:543.69,548.18 2 1
github.com/Phyton06/UMIBack/internal/api/auth.go:548.18,552.5 3 0
github.com/Phyton06/UMIBack/internal/api/auth.go:556.3,557.20 2 1
github.com/Phyton06/UMIBack/internal/api/auth.go:558.16,562.19 1 1
github.com/Phyton06/UMIBack/internal/api/auth.go:563.17,567.19 1 0
github.com/Phyton06/UMIBack/internal/api/auth.go:568.11,572.19 1 1
github.com/Phyton06/UMIBack/internal/api/auth.go:574.3,574.36 1 1
github.com/Phyton06/UMIBack/internal/api/auth.go:574.36,577.4 2 0
github.com/Phyton06/UMIBack/internal/api/auth.go:578.3,578.17 1 1
github.com/Phyton06/UMIBack/internal/api/auth.go:578.17,582.4 3 0
github.com/Phyton06/UMIBack/internal/api/auth.go:584.3,585.17 2 1
github.com/Phyton06/UMIBack/internal/api/auth.go:585.17,589.4 3 0
github.com/Phyton06/UMIBack/internal/api/auth.go:591.3,592.17 2 1
github.com/Phyton06/UMIBack/internal/api/auth.go:592.17,596.4 3 0
github.com/Phyton06/UMIBack/internal/api/auth.go:598.3,602.17 2 1
github.com/Phyton06/UMIBack/internal/api/auth.go:602.17,606.4 3 0
github.com/Phyton06/UMIBack/internal/api/auth.go:608.3,611.5 1 1
github.com/Phyton06/UMIBack/internal/api/auth.go:622.65,623.54 1 1
github.com/Phyton06/UMIBack/internal/api/auth.go:623.54,627.63 2 1
github.com/Phyton06/UMIBack/internal/api/auth.go:627.63,630.4 2 0
github.com/Phyton06/UMIBack/internal/api/auth.go:631.3,631.30 1 1
github.com/Phyton06/UMIBack/internal/api/auth.go:631.30,634.4 2 0
github.com/Phyton06/UMIBack/internal/api/auth.go:636.3,648.36 8 1
github.com/Phyton06/UMIBack/internal/api/auth.go:648.36,651.4 2 1
github.com/Phyton06/UMIBack/internal/api/auth.go:652.3,652.17 1 1
github.com/Phyton06/UMIBack/internal/api/auth.go:652.17,656.4 3 0
github.com/Phyton06/UMIBack/internal/api/auth.go:658.3,658.23 1 1
github.com/Phyton06/UMIBack/internal/api/auth.go:658.23,664.18 2 1
github.com/Phyton06/UMIBack/internal/api/auth.go:664.18,666.5 1 0
github.com/Phyton06/UMIBack/internal/api/auth.go:667.4,668.10 2 1
github.com/Phyton06/UMIBack/internal/api/auth.go:672.3,676.17 2 1
github.com/Phyton06/UMIBack/internal/api/auth.go:676.17,680.4 3 0
github.com/Phyton06/UMIBack/internal/api/auth.go:683.3,684.17 2 1
github.com/Phyton06/UMIBack/internal/api/auth.go:684.17,688.4 3 0
github.com/Phyton06/UMIBack/internal/api/auth.go:690.3,691.17 2 1
github.com/Phyton06/UMIBack/internal/api/auth.go:691.17,695.4 3 0
github.com/Phyton06/UMIBack/internal/api/auth.go:697.3,701.17 2 1
github.com/Phyton06/UMIBack/internal/api/auth.go:701.17,705.4 3 0
github.com/Phyton06/UMIBack/internal/api/auth.go:707.3,710.5 1 1
github.com/Phyton06/UMIBack/internal/api/auth.go:721.41,722.54 1 1
github.com/Phyton06/UMIBack/internal/api/auth.go:722.54,724.27 2 1
github.com/Phyton06/UMIBack/internal/api/auth.go:724.27,727.4 2 0
github.com/Phyton06/UMIBack/internal/api/auth.go:729.3,730.17 2 1
github.com/Phyton06/UMIBack/internal/api/auth.go:730.17,733.4 2 0
github.com/Phyton06/UMIBack/internal/api/auth.go:735.3,739.17 2 1
github.com/Phyton06/UMIBack/internal/api/auth.go:739.17,743.4 3 0
github.com/Phyton06/UMIBack/internal/api/auth.go:745.3,745.74 1 1
github.com/Phyton06/UMIBack/internal/api/driver.go:19.107,24.16 3 1
github.com/Phyton06/UMIBack/internal/api/driver.go:24.16,28.3 3 0
github.com/Phyton06/UMIBack/internal/api/driver.go:29.2,29.17 1 1
github.com/Phyton06/UMIBack/internal/api/driver.go:29.17,32.3 2 1
github.com/Phyton06/UMIBack/internal/api/driver.go:33.2,33.14 1 1
github.com/Phyton06/UMIBack/internal/api/driver.go:45.49,46.54 1 1
github.com/Phyton06/UMIBack/internal/api/driver.go:46.54,48.27 2 1
github.com/Phyton06/UMIBack/internal/api/driver.go:48.27,51.4 2 1
github.com/Phyton06/UMIBack/internal/api/driver.go:53.3,54.17 2 1
github.com/Phyton06/UMIBack/internal/api/driver.go:54.17,57.4 2 0
github.com/Phyton06/UMIBack/internal/api/driver.go:59.3,63.63 2 1
github.com/Phyton06/UMIBack/internal/api/driver.go:63.63,66.4 2 0
github.com/Phyton06/UMIBack/internal/api/driver.go:67.3,67.41 1 1
github.com/Phyton06/UMIBack/internal/api/driver.go:67.41,70.4 2 1
github.com/Phyton06/UMIBack/internal/api/driver.go:72.3,72.42 1 1
github.com/Phyton06/UMIBack/internal/api/driver.go:72.42,75.4 2 1
github.com/Phyton06/UMIBack/internal/api/driver.go:76.3,76.40 1 1
github.com/Phyton06/UMIBack/internal/api/driver.go:76.40,79.4 2 1
github.com/Phyton06/UMIBack/internal/api/driver.go:81.3,85.17 2 1
github.com/Phyton06/UMIBack/internal/api/driver.go:85.17,89.4 3 0
github.com/Phyton06/UMIBack/internal/api/driver.go:91.3,91.80 1 1
github.com/Phyton06/UMIBack/internal/api/driver.go:103.48,104.54 1 1
github.com/Phyton06/UMIBack/internal/api/driver.go:104.54,106.27 2 1
github.com/Phyton06/UMIBack/internal/api/driver.go:106.27,109.4 2 1
github.com/Phyton06/UMIBack/internal/api/driver.go:111.3,112.17 2 1
github.com/Phyton06/UMIBack/internal/api/driver.go:112.17,115.4 2 0
github.com/Phyton06/UMIBack/internal/api/driver.go:117.3,119.35 3 1
github.com/Phyton06/UMIBack/internal/api/driver.go:119.35,122.4 2 1
github.com/Phyton06/UMIBack/internal/api/driver.go:124.3,125.17 2 1
github.com/Phyton06/UMIBack/internal/api/driver.go:125.17,128.4 2 0
github.com/Phyton06/UMIBack/internal/api/driver.go:129.3,130.17 2 1
github.com/Phyton06/UMIBack/internal/api/driver.go:130.17,133.4 2 0
github.com/Phyton06/UMIBack/internal/api/driver.go:134.3,134.30 1 1
github.com/Phyton06/UMIBack/internal/api/driver.go:134.30,137.4 2 0
github.com/Phyton06/UMIBack/internal/api/driver.go:138.3,138.28 1 1
github.com/Phyton06/UMIBack/internal/api/driver.go:138.28,141.4 2 1
github.com/Phyton06/UMIBack/internal/api/driver.go:143.3,144.64 2 1
github.com/Phyton06/UMIBack/internal/api/driver.go:144.64,146.19 2 1
github.com/Phyton06/UMIBack/internal/api/driver.go:146.19,149.5 2 0
github.com/Phyton06/UMIBack/internal/api/driver.go:150.4,150.27 1 1
github.com/Phyton06/UMIBack/internal/api/driver.go:150.27,153.5 2 1
github.com/Phyton06/UMIBack/internal/api/driver.go:154.4,154.14 1 1
github.com/Phyton06/UMIBack/internal/api/driver.go:157.3,164.17 2 1
github.com/Phyton06/UMIBack/internal/api/driver.go:164.17,168.4 3 0
github.com/Phyton06/UMIBack/internal/api/driver.go:169.3,178.19 4 1
github.com/Phyton06/UMIBack/internal/api/driver.go:178.19,182.62 4 1
github.com/Phyton06/UMIBack/internal/api/driver.go:182.62,187.5 4 0
github.com/Phyton06/UMIBack/internal/api/driver.go:189.4,194.6 1 1
github.com/Phyton06/UMIBack/internal/api/driver.go:196.3,196.24 1 1
github.com/Phyton06/UMIBack/internal/api/driver.go:196.24,200.4 3 0
github.com/Phyton06/UMIBack/internal/api/driver.go:202.3,202.66 1 1
github.com/Phyton06/UMIBack/internal/api/driver.go:211.53,212.54 1 1
github.com/Phyton06/UMIBack/internal/api/driver.go:212.54,214.27 2 1
github.com/Phyton06/UMIBack/internal/api/driver.go:214.27,217.4 2 1
github.com/Phyton06/UMIBack/internal/api/driver.go:219.3,220.17 2 1
github.com/Phyton06/UMIBack/internal/api/driver.go:220.17,223.4 2 0
github.com/Phyton06/UMIBack/internal/api/driver.go:225.3,228.63 2 1
github.com/Phyton06/UMIBack/internal/api/driver.go:228.63,231.4 2 0
github.com/Phyton06/UMIBack/internal/api/driver.go:232.3,232.28 1 1
github.com/Phyton06/UMIBack/internal/api/driver.go:232.28,235.4 2 1
github.com/Phyton06/UMIBack/internal/api/driver.go:238.3,238.22 1 1
github.com/Phyton06/UMIBack/internal/api/driver.go:238.22,239.63 1 1
github.com/Phyton06/UMIBack/internal/api/driver.go:239.63,241.5 1 1
github.com/Phyton06/UMIBack/internal/api/driver.go:244.3,248.17 2 1
github.com/Phyton06/UMIBack/internal/api/driver.go:248.17,252.4 3 0
github.com/Phyton06/UMIBack/internal/api/driver.go:254.3,254.77 1 1
github.com/Phyton06/UMIBack/internal/api/driver.go:263.46,264.54 1 1
github.com/Phyton06/UMIBack/internal/api/driver.go:264.54,266.27 2 1
github.com/Phyton06/UMIBack/internal/api/driver.go:266.27,269.4 2 1
github.com/Phyton06/UMIBack/internal/api/driver.go:271.3,272.17 2 1
github.com/Phyton06/UMIBack/internal/api/driver.go:272.17,275.4 2 0
github.com/Phyton06/UMIBack/internal/api/driver.go:277.3,281.17 2 1
github.com/Phyton06/UMIBack/internal/api/driver.go:281.17,285.4 3 0
github.com/Phyton06/UMIBack/internal/api/driver.go:286.3,289.19 3 1
github.com/Phyton06/UMIBack/internal/api/driver.go:289.19,291.22 2 1
github.com/Phyton06/UMIBack/internal/api/driver.go:291.22,296.5 4 0
github.com/Phyton06/UMIBack/internal/api/driver.go:297.4,297.42 1 1
github.com/Phyton06/UMIBack/internal/api/driver.go:299.3,299.24 1 1
github.com/Phyton06/UMIBack/internal/api/driver.go:299.24,303.4 3 0
github.com/Phyton06/UMIBack/internal/api/driver.go:305.3,305.62 1 1
github.com/Phyton06/UMIBack/internal/api/health.go:18.42,19.54 1 1
github.com/Phyton06/UMIBack/internal/api/health.go:19.54,25.40 4 1
github.com/Phyton06/UMIBack/internal/api/health.go:25.40,36.4 4 1
github.com/Phyton06/UMIBack/internal/api/health.go:38.3,45.5 3 1
github.com/Phyton06/UMIBack/internal/api/middleware.go:14.58,15.54 1 0
github.com/Phyton06/UMIBack/internal/api/middleware.go:15.54,16.70 1 0
github.com/Phyton06/UMIBack/internal/api/middleware.go:16.70,19.4 2 0
github.com/Phyton06/UMIBack/internal/api/middleware.go:20.3,20.57 1 0
github.com/Phyton06/UMIBack/internal/api/middleware.go:20.57,23.4 2 0
github.com/Phyton06/UMIBack/internal/api/middleware.go:25.3,26.17 2 0
github.com/Phyton06/UMIBack/internal/api/middleware.go:26.17,29.4 2 0
github.com/Phyton06/UMIBack/internal/api/middleware.go:30.3,30.30 1 0
github.com/Phyton06/UMIBack/internal/api/middleware.go:30.30,33.4 2 0
github.com/Phyton06/UMIBack/internal/api/middleware.go:34.3,35.13 2 0
github.com/Phyton06/UMIBack/internal/api/middleware.go:40.43,41.71 1 0
github.com/Phyton06/UMIBack/internal/api/middleware.go:41.71,45.28 4 0
github.com/Phyton06/UMIBack/internal/api/middleware.go:45.28,48.4 2 0
github.com/Phyton06/UMIBack/internal/api/middleware.go:49.3,49.23 1 0
github.com/Phyton06/UMIBack/internal/api/ratelimit.go:34.70,41.2 1 1
github.com/Phyton06/UMIBack/internal/api/ratelimit.go:48.64,54.9 5 1
github.com/Phyton06/UMIBack/internal/api/ratelimit.go:54.9,63.3 3 1
github.com/Phyton06/UMIBack/internal/api/ratelimit.go:66.2,68.37 3 1
github.com/Phyton06/UMIBack/internal/api/ratelimit.go:68.37,70.3 1 1
github.com/Phyton06/UMIBack/internal/api/ratelimit.go:71.2,74.19 3 1
github.com/Phyton06/UMIBack/internal/api/ratelimit.go:74.19,77.3 2 1
github.com/Phyton06/UMIBack/internal/api/ratelimit.go:80.2,83.20 4 1
github.com/Phyton06/UMIBack/internal/api/ratelimit.go:87.47,92.33 4 1
github.com/Phyton06/UMIBack/internal/api/ratelimit.go:92.33,93.37 1 1
github.com/Phyton06/UMIBack/internal/api/ratelimit.go:93.37,95.4 1 1
github.com/Phyton06/UMIBack/internal/api/ratelimit.go:108.114,115.46 5 1
github.com/Phyton06/UMIBack/internal/api/ratelimit.go:115.46,116.72 1 1
github.com/Phyton06/UMIBack/internal/api/ratelimit.go:116.72,119.11 3 1
github.com/Phyton06/UMIBack/internal/api/ratelimit.go:119.11,125.5 5 1
github.com/Phyton06/UMIBack/internal/api/ratelimit.go:126.4,126.24 1 1
github.com/Phyton06/UMIBack/internal/api/ratelimit.go:133.73,134.12 1 0
github.com/Phyton06/UMIBack/internal/api/ratelimit.go:134.12,137.7 3 0
github.com/Phyton06/UMIBack/internal/api/ratelimit.go:137.7,138.11 1 0
github.com/Phyton06/UMIBack/internal/api/ratelimit.go:139.22,140.11 1 0
github.com/Phyton06/UMIBack/internal/api/ratelimit.go:141.20,144.33 3 0
github.com/Phyton06/UMIBack/internal/api/ratelimit.go:144.33,146.6 1 0
github.com/Phyton06/UMIBack/internal/api/ratelimit.go:147.5,147.24 1 0
github.com/Phyton06/UMIBack/internal/api/ratelimit.go:154.39,156.16 2 1
github.com/Phyton06/UMIBack/internal/api/ratelimit.go:156.16,158.3 1 1
github.com/Phyton06/UMIBack/internal/api/ratelimit.go:159.2,159.11 1 1
github.com/Phyton06/UMIBack/internal/api/ratelimit.go:165.47,167.26 2 1
github.com/Phyton06/UMIBack/internal/api/ratelimit.go:167.26,169.3 1 1
github.com/Phyton06/UMIBack/internal/api/ratelimit.go:170.2,170.23 1 1
github.com/Phyton06/UMIBack/internal/api/ride.go:32.59,36.21 4 1
github.com/Phyton06/UMIBack/internal/api/ride.go:36.21,38.3 1 1
github.com/Phyton06/UMIBack/internal/api/ride.go:39.2,40.16 2 1
github.com/Phyton06/UMIBack/internal/api/ride.go:40.16,42.3 1 0
github.com/Phyton06/UMIBack/internal/api/ride.go:43.2,44.16 2 1
github.com/Phyton06/UMIBack/internal/api/ride.go:44.16,46.3 1 0
github.com/Phyton06/UMIBack/internal/api/ride.go:47.2,47.22 1 1
github.com/Phyton06/UMIBack/internal/api/ride.go:51.43,53.2 1 1
github.com/Phyton06/UMIBack/internal/api/ride.go:76.21,86.2 3 1
github.com/Phyton06/UMIBack/internal/api/ride.go:89.43,111.23 4 1
github.com/Phyton06/UMIBack/internal/api/ride.go:111.23,113.3 1 1
github.com/Phyton06/UMIBack/internal/api/ride.go:114.2,114.19 1 1
github.com/Phyton06/UMIBack/internal/api/ride.go:114.19,116.3 1 1
github.com/Phyton06/UMIBack/internal/api/ride.go:117.2,117.26 1 1
github.com/Phyton06/UMIBack/internal/api/ride.go:117.26,119.3 1 0
github.com/Phyton06/UMIBack/internal/api/ride.go:120.2,120.26 1 1
github.com/Phyton06/UMIBack/internal/api/ride.go:120.26,122.3 1 0
github.com/Phyton06/UMIBack/internal/api/ride.go:123.2,123.26 1 1
github.com/Phyton06/UMIBack/internal/api/ride.go:123.26,125.3 1 1
github.com/Phyton06/UMIBack/internal/api/ride.go:126.2,126.10 1 1
github.com/Phyton06/UMIBack/internal/api/ride.go:132.63,134.20 2 1
github.com/Phyton06/UMIBack/internal/api/ride.go:134.20,136.3 1 1
github.com/Phyton06/UMIBack/internal/api/ride.go:137.2,137.13 1 1
github.com/Phyton06/UMIBack/internal/api/ride.go:147.75,148.54 1 1
github.com/Phyton06/UMIBack/internal/api/ride.go:148.54,150.27 2 1
github.com/Phyton06/UMIBack/internal/api/ride.go:150.27,153.4 2 1
github.com/Phyton06/UMIBack/internal/api/ride.go:155.3,161.63 2 1
github.com/Phyton06/UMIBack/internal/api/ride.go:161.63,164.4 2 0
github.com/Phyton06/UMIBack/internal/api/ride.go:166.3,167.53 1 1
github.com/Phyton06/UMIBack/internal/api/ride.go:167.53,170.4 2 1
github.com/Phyton06/UMIBack/internal/api/ride.go:172.3,175.52 1 1
github.com/Phyton06/UMIBack/internal/api/ride.go:175.52,178.4 2 1
github.com/Phyton06/UMIBack/internal/api/ride.go:180.3,185.17 3 1
github.com/Phyton06/UMIBack/internal/api/ride.go:185.17,189.4 3 0
github.com/Phyton06/UMIBack/internal/api/ride.go:191.3,199.5 3 1
github.com/Phyton06/UMIBack/internal/api/ride.go:210.45,211.54 1 1
github.com/Phyton06/UMIBack/internal/api/ride.go:211.54,213.27 2 1
github.com/Phyton06/UMIBack/internal/api/ride.go:213.27,216.4 2 1
github.com/Phyton06/UMIBack/internal/api/ride.go:218.3,219.17 2 1
github.com/Phyton06/UMIBack/internal/api/ride.go:219.17,222.4 2 0
github.com/Phyton06/UMIBack/internal/api/ride.go:224.3,232.63 2 1
github.com/Phyton06/UMIBack/internal/api/ride.go:232.63,235.4 2 0
github.com/Phyton06/UMIBack/internal/api/ride.go:237.3,239.53 1 1
github.com/Phyton06/UMIBack/internal/api/ride.go:239.53,242.4 2 1
github.com/Phyton06/UMIBack/internal/api/ride.go:245.3,245.58 1 1
github.com/Phyton06/UMIBack/internal/api/ride.go:245.58,247.4 1 1
github.com/Phyton06/UMIBack/internal/api/ride.go:249.3,261.17 4 1
github.com/Phyton06/UMIBack/internal/api/ride.go:261.17,265.4 3 0
github.com/Phyton06/UMIBack/internal/api/ride.go:267.3,281.5 1 1
github.com/Phyton06/UMIBack/internal/api/ride.go:293.42,294.54 1 1
github.com/Phyton06/UMIBack/internal/api/ride.go:294.54,296.27 2 1
github.com/Phyton06/UMIBack/internal/api/ride.go:296.27,299.4 2 0
github.com/Phyton06/UMIBack/internal/api/ride.go:301.3,302.17 2 1
github.com/Phyton06/UMIBack/internal/api/ride.go:302.17,305.4 2 0
github.com/Phyton06/UMIBack/internal/api/ride.go:307.3,308.17 2 1
github.com/Phyton06/UMIBack/internal/api/ride.go:308.17,311.4 2 0
github.com/Phyton06/UMIBack/internal/api/ride.go:313.3,317.36 2 1
github.com/Phyton06/UMIBack/internal/api/ride.go:317.36,320.4 2 1
github.com/Phyton06/UMIBack/internal/api/ride.go:321.3,321.17 1 1
github.com/Phyton06/UMIBack/internal/api/ride.go:321.17,325.4 3 0
github.com/Phyton06/UMIBack/internal/api/ride.go:327.3,327.84 1 1
github.com/Phyton06/UMIBack/internal/api/ride.go:327.84,330.4 2 1
github.com/Phyton06/UMIBack/internal/api/ride.go:332.3,332.47 1 1
github.com/Phyton06/UMIBack/internal/api/ride.go:344.44,345.54 1 1
github.com/Phyton06/UMIBack/internal/api/ride.go:345.54,347.27 2 1
github.com/Phyton06/UMIBack/internal/api/ride.go:347.27,350.4 2 0
github.com/Phyton06/UMIBack/internal/api/ride.go:352.3,353.17 2 1
github.com/Phyton06/UMIBack/internal/api/ride.go:353.17,356.4 2 0
github.com/Phyton06/UMIBack/internal/api/ride.go:358.3,361.29 3 1
github.com/Phyton06/UMIBack/internal/api/ride.go:361.29,362.26 1 1
github.com/Phyton06/UMIBack/internal/api/ride.go:362.26,367.5 1 0
github.com/Phyton06/UMIBack/internal/api/ride.go:367.10,372.5 1 1
github.com/Phyton06/UMIBack/internal/api/ride.go:373.9,375.26 2 1
github.com/Phyton06/UMIBack/internal/api/ride.go:375.26,377.5 1 1
github.com/Phyton06/UMIBack/internal/api/ride.go:378.4,378.62 1 1
github.com/Phyton06/UMIBack/internal/api/ride.go:380.3,380.17 1 1
github.com/Phyton06/UMIBack/internal/api/ride.go:380.17,384.4 3 0
github.com/Phyton06/UMIBack/internal/api/ride.go:385.3,388.21 3 1
github.com/Phyton06/UMIBack/internal/api/ride.go:388.21,390.22 2 1
github.com/Phyton06/UMIBack/internal/api/ride.go:390.22,395.5 4 0
github.com/Phyton06/UMIBack/internal/api/ride.go:396.4,396.42 1 1
github.com/Phyton06/UMIBack/internal/api/ride.go:398.3,398.26 1 1
github.com/Phyton06/UMIBack/internal/api/ride.go:398.26,402.4 3 0
github.com/Phyton06/UMIBack/internal/api/ride.go:404.3,404.62 1 1
github.com/Phyton06/UMIBack/internal/api/ride.go:418.45,419.54 1 1
github.com/Phyton06/UMIBack/internal/api/ride.go:419.54,421.27 2 1
github.com/Phyton06/UMIBack/internal/api/ride.go:421.27,424.4 2 0
github.com/Phyton06/UMIBack/internal/api/ride.go:426.3,427.17 2 1
github.com/Phyton06/UMIBack/internal/api/ride.go:427.17,430.4 2 0
github.com/Phyton06/UMIBack/internal/api/ride.go:432.3,433.17 2 1
github.com/Phyton06/UMIBack/internal/api/ride.go:433.17,436.4 2 0
github.com/Phyton06/UMIBack/internal/api/ride.go:439.3,452.36 7 1
github.com/Phyton06/UMIBack/internal/api/ride.go:452.36,455.4 2 0
github.com/Phyton06/UMIBack/internal/api/ride.go:456.3,456.17 1 1
github.com/Phyton06/UMIBack/internal/api/ride.go:456.17,460.4 3 0
github.com/Phyton06/UMIBack/internal/api/ride.go:463.3,463.72 1 1
github.com/Phyton06/UMIBack/internal/api/ride.go:463.72,466.4 2 1
github.com/Phyton06/UMIBack/internal/api/ride.go:469.3,469.96 1 1
github.com/Phyton06/UMIBack/internal/api/ride.go:469.96,472.4 2 1
github.com/Phyton06/UMIBack/internal/api/ride.go:476.3,482.17 2 1
github.com/Phyton06/UMIBack/internal/api/ride.go:482.17,486.4 3 0
github.com/Phyton06/UMIBack/internal/api/ride.go:488.3,488.30 1 1
github.com/Phyton06/UMIBack/internal/api/ride.go:488.30,491.4 2 1
github.com/Phyton06/UMIBack/internal/api/ride.go:493.3,496.5 1 1
github.com/Phyton06/UMIBack/internal/api/ride.go:511.45,512.54 1 1
github.com/Phyton06/UMIBack/internal/api/ride.go:512.54,514.27 2 1
github.com/Phyton06/UMIBack/internal/api/ride.go:514.27,517.4 2 0
github.com/Phyton06/UMIBack/internal/api/ride.go:519.3,520.17 2 1
github.com/Phyton06/UMIBack/internal/api/ride.go:520.17,523.4 2 0
github.com/Phyton06/UMIBack/internal/api/ride.go:525.3,526.17 2 1
github.com/Phyton06/UMIBack/internal/api/ride.go:526.17,529.4 2 0
github.com/Phyton06/UMIBack/internal/api/ride.go:532.3,532.60 1 1
github.com/Phyton06/UMIBack/internal/api/ride.go:532.60,534.4 1 1
github.com/Phyton06/UMIBack/internal/api/ride.go:537.3,541.36 3 1
github.com/Phyton06/UMIBack/internal/api/ride.go:541.36,544.4 2 0
github.com/Phyton06/UMIBack/internal/api/ride.go:545.3,545.17 1 1
github.com/Phyton06/UMIBack/internal/api/ride.go:545.17,549.4 3 0
github.com/Phyton06/UMIBack/internal/api/ride.go:550.3,550.17 1 1
github.com/Phyton06/UMIBack/internal/api/ride.go:550.17,553.4 2 1
github.com/Phyton06/UMIBack/internal/api/ride.go:556.3,563.36 5 1
github.com/Phyton06/UMIBack/internal/api/ride.go:563.36,566.4 2 1
github.com/Phyton06/UMIBack/internal/api/ride.go:567.3,567.17 1 1
github.com/Phyton06/UMIBack/internal/api/ride.go:567.17,571.4 3 0
github.com/Phyton06/UMIBack/internal/api/ride.go:574.3,574.28 1 1
github.com/Phyton06/UMIBack/internal/api/ride.go:574.28,577.4 2 1
github.com/Phyton06/UMIBack/internal/api/ride.go:580.3,580.95 1 1
github.com/Phyton06/UMIBack/internal/api/ride.go:580.95,583.4 2 1
github.com/Phyton06/UMIBack/internal/api/ride.go:587.3,592.17 2 1
github.com/Phyton06/UMIBack/internal/api/ride.go:592.17,596.4 3 0
github.com/Phyton06/UMIBack/internal/api/ride.go:598.3,598.30 1 1
github.com/Phyton06/UMIBack/internal/api/ride.go:598.30,601.4 2 1
github.com/Phyton06/UMIBack/internal/api/ride.go:604.3,607.17 2 1
github.com/Phyton06/UMIBack/internal/api/ride.go:607.17,609.4 1 0
github.com/Phyton06/UMIBack/internal/api/ride.go:611.3,615.5 1 1
github.com/Phyton06/UMIBack/internal/api/ride.go:629.46,630.54 1 1
github.com/Phyton06/UMIBack/internal/api/ride.go:630.54,632.27 2 1
github.com/Phyton06/UMIBack/internal/api/ride.go:632.27,635.4 2 0
github.com/Phyton06/UMIBack/internal/api/ride.go:637.3,638.17 2 1
github.com/Phyton06/UMIBack/internal/api/ride.go:638.17,641.4 2 0
github.com/Phyton06/UMIBack/internal/api/ride.go:643.3,644.17 2 1
github.com/Phyton06/UMIBack/internal/api/ride.go:644.17,647.4 2 0
github.com/Phyton06/UMIBack/internal/api/ride.go:650.3,656.36 4 1
github.com/Phyton06/UMIBack/internal/api/ride.go:656.36,659.4 2 1
github.com/Phyton06/UMIBack/internal/api/ride.go:660.3,660.17 1 1
github.com/Phyton06/UMIBack/internal/api/ride.go:660.17,664.4 3 0
github.com/Phyton06/UMIBack/internal/api/ride.go:667.3,667.45 1 1
github.com/Phyton06/UMIBack/internal/api/ride.go:667.45,670.4 2 1
github.com/Phyton06/UMIBack/internal/api/ride.go:673.3,673.94 1 1
github.com/Phyton06/UMIBack/internal/api/ride.go:673.94,676.4 2 1
github.com/Phyton06/UMIBack/internal/api/ride.go:679.3,684.17 2 1
github.com/Phyton06/UMIBack/internal/api/ride.go:684.17,688.4 3 0
github.com/Phyton06/UMIBack/internal/api/ride.go:690.3,690.30 1 1
github.com/Phyton06/UMIBack/internal/api/ride.go:690.30,693.4 2 0
github.com/Phyton06/UMIBack/internal/api/ride.go:695.3,698.5 1 1
github.com/Phyton06/UMIBack/internal/api/ride.go:712.46,713.54 1 1
github.com/Phyton06/UMIBack/internal/api/ride.go:713.54,715.27 2 1
github.com/Phyton06/UMIBack/internal/api/ride.go:715.27,718.4 2 0
github.com/Phyton06/UMIBack/internal/api/ride.go:720.3,721.17 2 1
github.com/Phyton06/UMIBack/internal/api/ride.go:721.17,724.4 2 0
github.com/Phyton06/UMIBack/internal/api/ride.go:726.3,727.17 2 1
github.com/Phyton06/UMIBack/internal/api/ride.go:727.17,730.4 2 0
github.com/Phyton06/UMIBack/internal/api/ride.go:732.3,738.36 4 1
github.com/Phyton06/UMIBack/internal/api/ride.go:738.36,741.4 2 0
github.com/Phyton06/UMIBack/internal/api/ride.go:742.3,742.17 1 1
github.com/Phyton06/UMIBack/internal/api/ride.go:742.17,746.4 3 0
github.com/Phyton06/UMIBack/internal/api/ride.go:748.3,748.45 1 1
github.com/Phyton06/UMIBack/internal/api/ride.go:748.45,751.4 2 1
github.com/Phyton06/UMIBack/internal/api/ride.go:753.3,753.94 1 1
github.com/Phyton06/UMIBack/internal/api/ride.go:753.94,756.4 2 1
github.com/Phyton06/UMIBack/internal/api/ride.go:758.3,763.17 2 1
github.com/Phyton06/UMIBack/internal/api/ride.go:763.17,767.4 3 0
github.com/Phyton06/UMIBack/internal/api/ride.go:769.3,769.30 1 1
github.com/Phyton06/UMIBack/internal/api/ride.go:769.30,772.4 2 0
github.com/Phyton06/UMIBack/internal/api/ride.go:774.3,777.5 1 1
github.com/Phyton06/UMIBack/internal/api/ride.go:791.44,792.54 1 1
github.com/Phyton06/UMIBack/internal/api/ride.go:792.54,794.27 2 1
github.com/Phyton06/UMIBack/internal/api/ride.go:794.27,797.4 2 0
github.com/Phyton06/UMIBack/internal/api/ride.go:799.3,800.17 2 1
github.com/Phyton06/UMIBack/internal/api/ride.go:800.17,803.4 2 0
github.com/Phyton06/UMIBack/internal/api/ride.go:805.3,806.17 2 1
github.com/Phyton06/UMIBack/internal/api/ride.go:806.17,809.4 2 0
github.com/Phyton06/UMIBack/internal/api/ride.go:811.3,817.36 4 1
github.com/Phyton06/UMIBack/internal/api/ride.go:817.36,820.4 2 0
github.com/Phyton06/UMIBack/internal/api/ride.go:821.3,821.17 1 1
github.com/Phyton06/UMIBack/internal/api/ride.go:821.17,825.4 3 0
github.com/Phyton06/UMIBack/internal/api/ride.go:827.3,827.45 1 1
github.com/Phyton06/UMIBack/internal/api/ride.go:827.45,830.4 2 1
github.com/Phyton06/UMIBack/internal/api/ride.go:832.3,832.97 1 1
github.com/Phyton06/UMIBack/internal/api/ride.go:832.97,835.4 2 1
github.com/Phyton06/UMIBack/internal/api/ride.go:837.3,842.17 2 1
github.com/Phyton06/UMIBack/internal/api/ride.go:842.17,846.4 3 0
github.com/Phyton06/UMIBack/internal/api/ride.go:848.3,848.30 1 1
github.com/Phyton06/UMIBack/internal/api/ride.go:848.30,851.4 2 0
github.com/Phyton06/UMIBack/internal/api/ride.go:853.3,856.5 1 1
github.com/Phyton06/UMIBack/internal/api/ride.go:870.75,871.54 1 1
github.com/Phyton06/UMIBack/internal/api/ride.go:871.54,873.27 2 1
github.com/Phyton06/UMIBack/internal/api/ride.go:873.27,876.4 2 0
github.com/Phyton06/UMIBack/internal/api/ride.go:878.3,879.17 2 1
github.com/Phyton06/UMIBack/internal/api/ride.go:879.17,882.4 2 0
github.com/Phyton06/UMIBack/internal/api/ride.go:884.3,885.17 2 1
github.com/Phyton06/UMIBack/internal/api/ride.go:885.17,888.4 2 0
github.com/Phyton06/UMIBack/internal/api/ride.go:890.3,899.36 5 1
github.com/Phyton06/UMIBack/internal/api/ride.go:899.36,902.4 2 0
github.com/Phyton06/UMIBack/internal/api/ride.go:903.3,903.17 1 1
github.com/Phyton06/UMIBack/internal/api/ride.go:903.17,907.4 3 0
github.com/Phyton06/UMIBack/internal/api/ride.go:909.3,909.45 1 1
github.com/Phyton06/UMIBack/internal/api/ride.go:909.45,912.4 2 1
github.com/Phyton06/UMIBack/internal/api/ride.go:914.3,914.96 1 1
github.com/Phyton06/UMIBack/internal/api/ride.go:914.96,917.4 2 1
github.com/Phyton06/UMIBack/internal/api/ride.go:919.3,926.17 3 1
github.com/Phyton06/UMIBack/internal/api/ride.go:926.17,930.4 3 0
github.com/Phyton06/UMIBack/internal/api/ride.go:932.3,932.30 1 1
github.com/Phyton06/UMIBack/internal/api/ride.go:932.30,935.4 2 0
github.com/Phyton06/UMIBack/internal/api/ride.go:938.3,941.17 2 1
github.com/Phyton06/UMIBack/internal/api/ride.go:941.17,943.4 1 1
github.com/Phyton06/UMIBack/internal/api/ride.go:945.3,949.5 1 1
github.com/Phyton06/UMIBack/internal/api/rider.go:19.45,20.54 1 1
github.com/Phyton06/UMIBack/internal/api/rider.go:20.54,22.27 2 1
github.com/Phyton06/UMIBack/internal/api/rider.go:22.27,25.4 2 1
github.com/Phyton06/UMIBack/internal/api/rider.go:27.3,28.17 2 1
github.com/Phyton06/UMIBack/internal/api/rider.go:28.17,31.4 2 0
github.com/Phyton06/UMIBack/internal/api/rider.go:33.3,37.17 3 1
github.com/Phyton06/UMIBack/internal/api/rider.go:37.17,41.4 3 0
github.com/Phyton06/UMIBack/internal/api/rider.go:43.3,54.17 4 1
github.com/Phyton06/UMIBack/internal/api/rider.go:54.17,58.4 3 0
github.com/Phyton06/UMIBack/internal/api/rider.go:60.3,66.5 1 1
github.com/Phyton06/UMIBack/internal/api/rider.go:76.45,77.54 1 1
github.com/Phyton06/UMIBack/internal/api/rider.go:77.54,79.27 2 1
github.com/Phyton06/UMIBack/internal/api/rider.go:79.27,82.4 2 1
github.com/Phyton06/UMIBack/internal/api/rider.go:84.3,85.17 2 1
github.com/Phyton06/UMIBack/internal/api/rider.go:85.17,88.4 2 0
github.com/Phyton06/UMIBack/internal/api/rider.go:90.3,91.61 2 1
github.com/Phyton06/UMIBack/internal/api/rider.go:91.61,93.40 2 1
github.com/Phyton06/UMIBack/internal/api/rider.go:93.40,96.5 2 1
github.com/Phyton06/UMIBack/internal/api/rider.go:97.4,97.13 1 1
github.com/Phyton06/UMIBack/internal/api/rider.go:100.3,101.64 2 1
github.com/Phyton06/UMIBack/internal/api/rider.go:101.64,103.28 2 1
github.com/Phyton06/UMIBack/internal/api/rider.go:103.28,106.5 2 0
github.com/Phyton06/UMIBack/internal/api/rider.go:107.4,107.14 1 1
github.com/Phyton06/UMIBack/internal/api/rider.go:111.3,116.17 3 1
github.com/Phyton06/UMIBack/internal/api/rider.go:116.17,120.4 3 0
github.com/Phyton06/UMIBack/internal/api/rider.go:122.3,126.17 2 1
github.com/Phyton06/UMIBack/internal/api/rider.go:126.17,130.4 3 0
github.com/Phyton06/UMIBack/internal/api/rider.go:131.3,134.19 3 1
github.com/Phyton06/UMIBack/internal/api/rider.go:134.19,136.22 2 1
github.com/Phyton06/UMIBack/internal/api/rider.go:136.22,141.5 4 0
github.com/Phyton06/UMIBack/internal/api/rider.go:142.4,142.42 1 1
github.com/Phyton06/UMIBack/internal/api/rider.go:144.3,144.24 1 1
github.com/Phyton06/UMIBack/internal/api/rider.go:144.24,148.4 3 0
github.com/Phyton06/UMIBack/internal/api/rider.go:150.3,153.5 1 1
